Copyright 1986-2017 Xilinx, Inc. All Rights Reserved.
--------------------------------------------------------------------------------------
| Tool Version : Vivado v.2017.3.1 (lin64) Build 2035080 Fri Oct 20 14:20:00 MDT 2017
| Date         : Thu Dec 14 20:00:20 2017
| Host         : brandon-P2540UA running 64-bit Linux Mint 18.2 Sonya
| Command      : report_control_sets -file Wrapper_control_sets_placed.rpt
| Design       : Wrapper
| Device       : xc7a100t
--------------------------------------------------------------------------------------

Control Set Information

Table of Contents
-----------------
1. Summary
2. Flip-Flop Distribution

1. Summary
----------

+-------------------------------+-------+
|             Status            | Count |
+-------------------------------+-------+
| Number of unique control sets |    11 |
+-------------------------------+-------+


2. Flip-Flop Distribution
-------------------------

+--------------+-----------------------+------------------------+-----------------+--------------+
| Clock Enable | Synchronous Set/Reset | Asynchronous Set/Reset | Total Registers | Total Slices |
+--------------+-----------------------+------------------------+-----------------+--------------+
| No           | No                    | No                     |              19 |           11 |
| No           | No                    | Yes                    |              12 |            4 |
| No           | Yes                   | No                     |              32 |           11 |
| Yes          | No                    | No                     |               0 |            0 |
| Yes          | No                    | Yes                    |              10 |            4 |
| Yes          | Yes                   | No                     |              10 |            7 |
+--------------+-----------------------+------------------------+-----------------+--------------+


